Copyright 1986-2018 Xilinx, Inc. All Rights Reserved.
--------------------------------------------------------------------------------------------
| Tool Version : Vivado v.2018.2 (lin64) Build 2258646 Thu Jun 14 20:02:38 MDT 2018
| Date         : Sun Dec  2 16:34:04 2018
| Host         : Linux-Laptop running 64-bit unknown
| Command      : report_control_sets -verbose -file vending_machine_control_sets_placed.rpt
| Design       : vending_machine
| Device       : xc7a35t
--------------------------------------------------------------------------------------------

Control Set Information

Table of Contents
-----------------
1. Summary
2. Histogram
3. Flip-Flop Distribution
4. Detailed Control Set Information

1. Summary
----------

+----------------------------------------------------------+-------+
|                          Status                          | Count |
+----------------------------------------------------------+-------+
| Number of unique control sets                            |   141 |
| Unused register locations in slices containing registers |   736 |
+----------------------------------------------------------+-------+


2. Histogram
------------

+--------+--------------+
| Fanout | Control Sets |
+--------+--------------+
|      2 |          122 |
|      4 |            1 |
|    16+ |           18 |
+--------+--------------+


3. Flip-Flop Distribution
-------------------------

+--------------+-----------------------+------------------------+-----------------+--------------+
| Clock Enable | Synchronous Set/Reset | Asynchronous Set/Reset | Total Registers | Total Slices |
+--------------+-----------------------+------------------------+-----------------+--------------+
| No           | No                    | No                     |              72 |           20 |
| No           | No                    | Yes                    |              74 |           37 |
| No           | Yes                   | No                     |             886 |          137 |
| Yes          | No                    | No                     |              34 |           17 |
| Yes          | No                    | Yes                    |              70 |           35 |
| Yes          | Yes                   | No                     |               0 |            0 |
+--------------+-----------------------+------------------------+-----------------+--------------+


4. Detailed Control Set Information
-----------------------------------

+----------------------------+-------------------------------------+--------------------------------------+------------------+----------------+
|        Clock Signal        |            Enable Signal            |           Set/Reset Signal           | Slice Load Count | Bel Load Count |
+----------------------------+-------------------------------------+--------------------------------------+------------------+----------------+
| ~coinsDisp_BUFG            | coinsDispSW/dispAN3                 | toDisp/dispAN1_reg[4]_P              |                1 |              2 |
| ~coinsDisp_BUFG            |                                     | toDisp/dispAN1_reg[0]_C              |                1 |              2 |
| ~coinsDisp_BUFG            |                                     | swC2/dispAN2_reg[4]_C                |                1 |              2 |
| ~coinsDisp_BUFG            |                                     | swC2/dispAN3_reg[6]_C                |                1 |              2 |
| ~coinsDisp_BUFG            |                                     | swC2/dispAN2_reg[1]_C                |                1 |              2 |
| ~coinsDisp_BUFG            |                                     | swC2/dispAN2_reg[5]_C                |                1 |              2 |
| ~coinsDisp_BUFG            |                                     | swC2/dispAN2_reg[6]_C                |                1 |              2 |
| ~coinsDisp_BUFG            | coinsDispSW/dispAN3                 | swC2/dispAN3_reg[7]_P                |                1 |              2 |
| ~coinsDisp_BUFG            | coinsDispSW/dispAN3                 | swC2/dispAN3_reg[6]_P                |                1 |              2 |
| ~coinsDisp_BUFG            |                                     | toDisp/dispAN0_reg[7]_C              |                1 |              2 |
| ~coinsDisp_BUFG            | coinsDispSW/dispAN3                 | toDisp/dispAN1_reg[3]_P              |                1 |              2 |
| ~coinsDisp_BUFG            | coinsDispSW/dispAN3                 | toDisp/dispAN1_reg[5]_P              |                1 |              2 |
| ~coinsDisp_BUFG            | coinsDispSW/dispAN3                 | toDisp/dispAN1_reg[6]_P              |                1 |              2 |
| ~coinsDisp_BUFG            | coinsDispSW/dispAN3                 | toDisp/dispAN1_reg[7]_P              |                1 |              2 |
| ~coinsDisp_BUFG            | coinsDispSW/dispAN3                 | toDisp/dispAN1_reg[0]_P_0            |                1 |              2 |
| ~coinsDisp_BUFG            | coinsDispSW/dispAN3                 | toDisp/dispAN1_reg[1]_P              |                1 |              2 |
| ~coinsDisp_BUFG            | coinsDispSW/dispAN3                 | toDisp/dispAN1_reg[2]_P              |                1 |              2 |
| ~coinsDisp_BUFG            | coinsDispSW/dispAN3                 | swB3/num_reg[7]_P                    |                1 |              2 |
| ~coinsDisp_BUFG            |                                     | toDisp/dispAN0_reg[1]_C              |                1 |              2 |
| ~coinsDisp_BUFG            |                                     | swA1/num_reg[1]_C                    |                1 |              2 |
| ~coinsDisp_BUFG            |                                     | swB3/num_reg[8]_C                    |                1 |              2 |
| ~coinsDisp_BUFG            |                                     | swC2/dispAN2_reg[0]_C                |                1 |              2 |
| ~coinsDisp_BUFG            |                                     | swB1/num_reg[3]_C                    |                1 |              2 |
| ~coinsDisp_BUFG            |                                     | swC2/dispAN2_reg[2]_C                |                1 |              2 |
| ~coinsDisp_BUFG            |                                     | swC2/dispAN2_reg[3]_C                |                1 |              2 |
| ~coinsDisp_BUFG            |                                     | swC2/dispAN2_reg[7]_C_0              |                1 |              2 |
| ~coinsDisp_BUFG            |                                     | toDisp/dispAN0_reg[0]_C              |                1 |              2 |
| ~coinsDisp_BUFG            | coinsDispSW/dispAN3                 | swC2/dispAN2_reg[0]_P                |                1 |              2 |
| ~coinsDisp_BUFG            |                                     | toDisp/dispAN0_reg[2]_C              |                1 |              2 |
| ~coinsDisp_BUFG            |                                     | toDisp/dispAN0_reg[3]_C              |                1 |              2 |
| ~coinsDisp_BUFG            |                                     | toDisp/dispAN0_reg[4]_C              |                1 |              2 |
| ~coinsDisp_BUFG            |                                     | toDisp/dispAN0_reg[5]_C              |                1 |              2 |
| ~coinsDisp_BUFG            |                                     | toDisp/dispAN0_reg[6]_C              |                1 |              2 |
| ~coinsDisp_BUFG            |                                     | swC1/num_reg[0]_C                    |                1 |              2 |
| ~coinsDisp_BUFG            |                                     | swC1/num_reg[5]_C_0                  |                1 |              2 |
|  swC2/dispAN2_reg[2]_P     |                                     | swC2/dispAN2_reg[2]_C                |                1 |              2 |
| ~coinsDisp_BUFG            | coinsDispSW/dispAN3                 | swC2/num_reg[4]_P                    |                1 |              2 |
| ~coinsDisp_BUFG            | coinsDispSW/dispAN3                 | swC2/num_reg[8]_P                    |                1 |              2 |
| ~coinsDisp_BUFG            | coinsDispSW/dispAN3                 | swC2/dispAN2_reg[1]_P                |                1 |              2 |
| ~coinsDisp_BUFG            | coinsDispSW/dispAN3                 | swC2/dispAN2_reg[4]_P                |                1 |              2 |
| ~coinsDisp_BUFG            | coinsDispSW/dispAN3                 | swC2/dispAN2_reg[5]_P                |                1 |              2 |
| ~coinsDisp_BUFG            | coinsDispSW/dispAN3                 | swC2/dispAN2_reg[6]_P                |                1 |              2 |
|  toDisp/dispAN0_reg[7]_P   |                                     | toDisp/dispAN0_reg[7]_C              |                1 |              2 |
|  swC2/dispAN2_reg[3]_P     |                                     | swC2/dispAN2_reg[3]_C                |                1 |              2 |
| ~coinsDisp_BUFG            | coinsDispSW/dispAN3                 | swC2/num_reg[1]_P                    |                1 |              2 |
|  swC2/num_reg[0]_P         |                                     | swC1/num_reg[0]_C                    |                1 |              2 |
|  swC2/num_reg[1]_P         |                                     | swA1/num_reg[1]_C                    |                1 |              2 |
|  swC2/num_reg[4]_P         |                                     | swC2/num_reg[4]_C_0                  |                1 |              2 |
|  swC2/num_reg[8]_P         |                                     | swB3/num_reg[8]_C                    |                1 |              2 |
|  swC2/dispAN2_reg[1]_P     |                                     | swC2/dispAN2_reg[1]_C                |                1 |              2 |
|  swC2/dispAN2_reg[4]_P     |                                     | swC2/dispAN2_reg[4]_C                |                1 |              2 |
|  swC2/dispAN2_reg[5]_P     |                                     | swC2/dispAN2_reg[5]_C                |                1 |              2 |
|  swC2/dispAN2_reg[6]_P     |                                     | swC2/dispAN2_reg[6]_C                |                1 |              2 |
| ~coinsDisp_BUFG            | coinsDispSW/dispAN3                 | toDisp/dispAN0_reg[3]_P              |                1 |              2 |
| ~coinsDisp_BUFG            | coinsDispSW/dispAN3                 | swB1/num_reg[3]_P                    |                1 |              2 |
| ~coinsDisp_BUFG            | coinsDispSW/dispAN3                 | swC2/dispAN2_reg[7]_P                |                1 |              2 |
| ~coinsDisp_BUFG            | coinsDispSW/dispAN3                 | swA2/num_reg[5]_P                    |                1 |              2 |
| ~coinsDisp_BUFG            | coinsDispSW/dispAN3                 | swA3/num_reg[2]_P_0                  |                1 |              2 |
| ~coinsDisp_BUFG            | coinsDispSW/dispAN3                 | swA3/num_reg[6]_P                    |                1 |              2 |
| ~coinsDisp_BUFG            | coinsDispSW/dispAN3                 | toDisp/dispAN0_reg[0]_P              |                1 |              2 |
| ~coinsDisp_BUFG            | coinsDispSW/dispAN3                 | toDisp/dispAN0_reg[1]_P              |                1 |              2 |
| ~coinsDisp_BUFG            | coinsDispSW/dispAN3                 | toDisp/dispAN0_reg[2]_P              |                1 |              2 |
| ~coinsDisp_BUFG            |                                     | toDisp/dispAN1_reg[3]_C              |                1 |              2 |
| ~coinsDisp_BUFG            | coinsDispSW/dispAN3                 | toDisp/dispAN0_reg[4]_P              |                1 |              2 |
| ~coinsDisp_BUFG            | coinsDispSW/dispAN3                 | toDisp/dispAN0_reg[5]_P              |                1 |              2 |
| ~coinsDisp_BUFG            | coinsDispSW/dispAN3                 | toDisp/dispAN0_reg[6]_P              |                1 |              2 |
| ~coinsDisp_BUFG            | coinsDispSW/dispAN3                 | toDisp/dispAN0_reg[7]_P              |                1 |              2 |
| ~coinsDisp_BUFG            | coinsDispSW/dispAN3                 | swC2/dispAN2_reg[3]_P                |                1 |              2 |
| ~coinsDisp_BUFG            | coinsDispSW/dispAN3                 | swC2/dispAN2_reg[2]_P                |                1 |              2 |
| ~coinsDisp_BUFG            | coinsDispSW/dispAN3                 | swC2/num_reg[0]_P                    |                1 |              2 |
|  swC2/dispAN2_reg[7]_P     |                                     | swC2/dispAN2_reg[7]_C_0              |                1 |              2 |
|  clk_IBUF_BUFG             | nickelSW/debounced_i_1__8_n_0       |                                      |                1 |              2 |
|  clk_IBUF_BUFG             | quarterSW/debounced_i_1__10_n_0     |                                      |                1 |              2 |
|  clk_IBUF_BUFG             | swB3/debounced_i_1__4_n_0           |                                      |                1 |              2 |
|  toDisp/dispAN0_reg[6]_P   |                                     | toDisp/dispAN0_reg[6]_C              |                1 |              2 |
|  toDisp/dispAN0_reg[5]_P   |                                     | toDisp/dispAN0_reg[5]_C              |                1 |              2 |
|  toDisp/dispAN0_reg[4]_P   |                                     | toDisp/dispAN0_reg[4]_C              |                1 |              2 |
|  toDisp/dispAN0_reg[3]_P   |                                     | toDisp/dispAN0_reg[3]_C              |                1 |              2 |
|  toDisp/dispAN0_reg[2]_P   |                                     | toDisp/dispAN0_reg[2]_C              |                1 |              2 |
|  toDisp/dispAN0_reg[1]_P   |                                     | toDisp/dispAN0_reg[1]_C              |                1 |              2 |
|  toDisp/dispAN0_reg[0]_P   |                                     | toDisp/dispAN0_reg[0]_C              |                1 |              2 |
|  swA3/num_reg[6]_P         |                                     | swA2/num_reg[6]_C                    |                1 |              2 |
|  swA3/num_reg[2]_P_0       |                                     | swA2/num_reg[2]_C                    |                1 |              2 |
|  swA2/num_reg[5]_P         |                                     | swC1/num_reg[5]_C_0                  |                1 |              2 |
| ~coinsDisp_BUFG            |                                     | toDisp/dispAN1_reg[2]_C              |                1 |              2 |
|  swB1/num_reg[3]_P         |                                     | swB1/num_reg[3]_C                    |                1 |              2 |
|  swC2/dispAN2_reg[0]_P     |                                     | swC2/dispAN2_reg[0]_C                |                1 |              2 |
|  swB3/num_reg[7]_P         |                                     | swB3/num_reg[7]_C                    |                1 |              2 |
|  toDisp/dispAN1_reg[2]_P   |                                     | toDisp/dispAN1_reg[2]_C              |                1 |              2 |
|  toDisp/dispAN1_reg[1]_P   |                                     | toDisp/dispAN1_reg[1]_C              |                1 |              2 |
|  toDisp/dispAN1_reg[0]_P_0 |                                     | toDisp/dispAN1_reg[0]_C              |                1 |              2 |
|  toDisp/dispAN1_reg[7]_P   |                                     | toDisp/dispAN1_reg[7]_C              |                1 |              2 |
|  toDisp/dispAN1_reg[6]_P   |                                     | toDisp/dispAN1_reg[6]_C              |                1 |              2 |
|  toDisp/dispAN1_reg[5]_P   |                                     | toDisp/dispAN1_reg[5]_C              |                1 |              2 |
|  toDisp/dispAN1_reg[3]_P   |                                     | toDisp/dispAN1_reg[3]_C              |                1 |              2 |
|  toDisp/dispAN1_reg[4]_P   |                                     | toDisp/dispAN1_reg[4]_C              |                1 |              2 |
|  swC2/dispAN3_reg[6]_P     |                                     | swC2/dispAN3_reg[6]_C                |                1 |              2 |
| ~coinsDisp_BUFG            |                                     | swC2/dispAN3_reg[7]_C                |                1 |              2 |
|  clk_IBUF_BUFG             | cancelResetSW/debounced_i_1__14_n_0 |                                      |                1 |              2 |
|  clk_IBUF_BUFG             | fiveSW/debounced_i_1__13_n_0        |                                      |                1 |              2 |
|  clk_IBUF_BUFG             | swB2/debounced_i_1__3_n_0           |                                      |                1 |              2 |
|  clk_IBUF_BUFG             | swA1/debounced_i_1_n_0              |                                      |                1 |              2 |
|  clk_IBUF_BUFG             | swC2/debounced_i_1__6_n_0           |                                      |                1 |              2 |
|  clk_IBUF_BUFG             | swC1/debounced_i_1__5_n_0           |                                      |                1 |              2 |
|  clk_IBUF_BUFG             | swA3/debounced_i_1__1_n_0           |                                      |                1 |              2 |
|  clk_IBUF_BUFG             | swB1/debounced_i_1__2_n_0           |                                      |                1 |              2 |
|  clk_IBUF_BUFG             | dollarSW/debounced_i_1__12_n_0      |                                      |                1 |              2 |
|  clk_IBUF_BUFG             | fiftySW/debounced_i_1__11_n_0       |                                      |                1 |              2 |
|  clk_IBUF_BUFG             | swC3/debounced_i_1__7_n_0           |                                      |                1 |              2 |
| ~coinsDisp_BUFG            |                                     | swB3/num_reg[7]_C                    |                1 |              2 |
| ~coinsDisp_BUFG            |                                     | swC2/num_reg[4]_C_0                  |                1 |              2 |
| ~coinsDisp_BUFG            |                                     | toDisp/dispAN1_reg[6]_C              |                1 |              2 |
| ~coinsDisp_BUFG            |                                     | swA2/num_reg[6]_C                    |                1 |              2 |
| ~coinsDisp_BUFG            |                                     | toDisp/dispAN1_reg[4]_C              |                1 |              2 |
| ~coinsDisp_BUFG            |                                     | toDisp/dispAN1_reg[5]_C              |                1 |              2 |
| ~coinsDisp_BUFG            |                                     | toDisp/dispAN1_reg[7]_C              |                1 |              2 |
| ~coinsDisp_BUFG            |                                     | swA2/num_reg[2]_C                    |                1 |              2 |
| ~coinsDisp_BUFG            |                                     | toDisp/dispAN1_reg[1]_C              |                1 |              2 |
|  swC2/dispAN3_reg[7]_P     |                                     | swC2/dispAN3_reg[7]_C                |                1 |              2 |
|  clk_IBUF_BUFG             | swA2/debounced_i_1__0_n_0           |                                      |                1 |              2 |
|  clk_IBUF_BUFG             | coinsDispSW/debounced_i_1__15_n_0   |                                      |                1 |              2 |
|  clk_IBUF_BUFG             | dimeSW/debounced_i_1__9_n_0         |                                      |                1 |              2 |
| ~coinsDisp_BUFG            |                                     | swC2/decimal0                        |                2 |              4 |
|  clk_IBUF_BUFG             |                                     | swC2/counter[0]_i_1__6_n_0           |                6 |             48 |
|  clk_IBUF_BUFG             |                                     | fiveSW/counter[0]_i_1__13_n_0        |                6 |             48 |
|  clk_IBUF_BUFG             |                                     | fiftySW/counter[0]_i_1__11_n_0       |                6 |             48 |
|  clk_IBUF_BUFG             |                                     | swB2/counter[0]_i_1__3_n_0           |                6 |             48 |
|  clk_IBUF_BUFG             |                                     | cancelResetSW/counter[0]_i_1__14_n_0 |                6 |             48 |
|  clk_IBUF_BUFG             |                                     | swA3/counter[0]_i_1__1_n_0           |                6 |             48 |
|  clk_IBUF_BUFG             |                                     | swA2/counter[0]_i_1__0_n_0           |                6 |             48 |
|  clk_IBUF_BUFG             |                                     | swA1/counter[0]_i_1_n_0              |                6 |             48 |
|  clk_IBUF_BUFG             |                                     | nickelSW/counter[0]_i_1__8_n_0       |                6 |             48 |
|  clk_IBUF_BUFG             |                                     | dollarSW/counter[0]_i_1__12_n_0      |                6 |             48 |
|  clk_IBUF_BUFG             |                                     | swB1/counter[0]_i_1__2_n_0           |                6 |             48 |
|  clk_IBUF_BUFG             |                                     | dimeSW/counter[0]_i_1__9_n_0         |                6 |             48 |
|  clk_IBUF_BUFG             |                                     | coinsDispSW/counter[0]_i_1__15_n_0   |                6 |             48 |
|  clk_IBUF_BUFG             |                                     | swC3/counter[0]_i_1__7_n_0           |                6 |             48 |
|  clk_IBUF_BUFG             |                                     | quarterSW/counter[0]_i_1__10_n_0     |                6 |             48 |
|  clk_IBUF_BUFG             |                                     | swC1/counter[0]_i_1__5_n_0           |                6 |             48 |
|  clk_IBUF_BUFG             |                                     | swB3/counter[0]_i_1__4_n_0           |                6 |             48 |
|  clk_IBUF_BUFG             |                                     |                                      |               20 |             72 |
+----------------------------+-------------------------------------+--------------------------------------+------------------+----------------+


